---
source: crates/aikido-core/tests/sentaku_test.rs
expression: rule_ids
---
- double-satisfaction
- missing-redeemer-validation
- missing-validity-range
- missing-signature-check
- unsafe-datum-deconstruction
- unbounded-list-iteration
- hardcoded-addresses
- missing-minting-policy-check
- missing-utxo-authentication
- unrestricted-minting
- unused-validator-parameter
- fail-only-redeemer-branch
- missing-datum-in-script-output
- arbitrary-datum-in-output
- insufficient-staking-control
- unbounded-datum-size
- division-by-zero-risk
- non-exhaustive-redeemer
- unsafe-list-head
- token-name-not-validated
- value-not-preserved
- unbounded-value-size
- oracle-freshness-not-checked
- missing-min-ada-check
- dead-code-path
- redundant-check
- shadowed-variable
- magic-numbers
- excessive-validator-params
- unused-import
- unsafe-partial-pattern
- unconstrained-recursion
- empty-handler-body
- utxo-contention-risk
- cheap-spam-vulnerability
- unsafe-match-comparison
- integer-underflow-risk
- quantity-of-double-counting
- output-address-not-validated
- missing-datum-field-validation
- reference-script-injection
- missing-token-burn
- state-transition-integrity
- missing-state-update
- withdraw-zero-trick
- other-token-minting
- rounding-error-risk
- missing-input-credential-check
- unsafe-redeemer-arithmetic
- duplicate-asset-name-risk
- value-preservation-gap
- fee-calculation-unchecked
- uncoordinated-multi-validator
- datum-tampering-risk
- missing-burn-verification
- oracle-manipulation-risk
- missing-protocol-token
- unbounded-protocol-operations
- unused-library-module
- value-comparison-semantics
- output-count-validation
- tautological-comparison
- path-sensitive-guard-check
- precise-taint-to-sink
- dead-branch-detection
- cross-validator-gap
- uncoordinated-state-transfer
- incomplete-burn-flow
- multi-asset-comparison-bypass
- incomplete-value-extraction
- identity-token-forgery
- withdraw-amount-check
- state-machine-violation
- invariant-violation
- datum-field-bounds
